// Jest Snapshot v1, https://goo.gl/fbAQLP

exports[`Wrapper block Add embed url 1`] = `"<!-- wp:actblue/embed /-->"`;

exports[`Wrapper block Embed block is available 1`] = `"<!-- wp:actblue/embed /-->"`;
